; -----------------------------------------------------------------
; Homebrew CPU micro code
; Author: Sylvain Fortin
; Date : 1 december 2023
; Documentation : diag.asm is used to jelp developing the the assembler
;                 it will also test the instructions implmented in 
;                 MyCPU
; Memory map of the computer
; 0000H - 17FFH Total RAM space
; 0000H - 00FFH Stack
; 0100H - 17EF  Free for application
; 17F0H         SP Stack Pointer 8 bit
; 17F1H temp SP1
; 17F2H temp SP2
; 17FAH bit<0>	Equal
; 17FBH bit<0>	Carry
; 17FCH A Register
; 17FEH IPH	Instruction Pointer MSB
; 17FFH IPL Instruction Pointer LSB
; C000H           LED port
; E000H - F000H   EEPROM 2864 for program storage
; -----------------------------------------------------------------
                                     ; 
                         ORG/E000H   ; EEPROM Start
C000
       ****** ERROR SYNTAX CANT FIND MNEMONIC ****** START:   LDA 
E001 31 C0 00            STA C000H   ; Output to LED port
E004 36                  NOTA        ; Not logical on Reg A
E005 31 C0 00            STA C000H   ; Output to LED port
E008 32 E0 00            JMP E000H   ; Jump inconditional to address
                                     ; Should not reach this address, assembly test
E00B 33 C3                  ANDA #C3H   ; REGISTER A AND LOGICAL WITH IMMEDIATE 
E00D 32 12 34               JMP 1234H
E010 30 BC                  LDA #BCH
E012 33 A4                  ANDA #A4H
                            ORG/E050H
E050 30 12                  LDA #12H
E052 33 34                  ANDA #34H
E054 36                     NOTA
E055 32 E1 00               JMP E100H
E058 32 12 34               JMP 1234H   ; test
E05B 32 45 67               JMP 4567H		
                                     ; Set the Reset vector
                         ORG/FFFEH   
FFFE E0                  DB E0H      ; MSB Reset Vector
FFFF 00                  DB 00H      ; LSB Reset Vector


Assembly complete
Number of errors = 1
