; -----------------------------------------------------------------
; Homebrew CPU micro code
; Author: Sylvain Fortin
; Date : 14 december 2023
; Documentation : fibonaci.asm compute the fibonacciy serie on MyCPU.
;                 Output results are displayed sequentially on LED 
;                 as they are computed.
; Memory map of the computer
; 0000H - 17FFH Total RAM space
; 0000H - 00FFH Stack
; 0100H - 17EF  Free for application
; 17F0H         SP Stack Pointer 8 bit
; 17F1H temp SP1
; 17F2H temp SP2
; 17FAH bit<0>	Equal
; 17FBH bit<0>	Carry
; 17FCH A Register
; 17FEH IPH	Instruction Pointer MSB
; 17FFH IPL Instruction Pointer LSB
; C000H           LED port
; E000H - F000H   EEPROM 2864 for program storage
; -----------------------------------------------------------------
                                     ; RAM variables
                                     ; 1000H First number  (8-bits)
                                     ; 1001H Second number (8-bits)
                                     ; 1002H Summ storage           (8-bits)
                                     ; 
                         ORG/E000H   ; EEPROM Start
E000 30 00               LDA #00H    ; Init first number to 0
E002 31 10 00            STA 1000H   ; 
E005 30 01               LDA #01H    ; Init second number to 1
E007 31 10 01            STA 1001H   ; 
; Loop         
E00A 2A 10 00            LDA 1000H   ; Load first number in A
E00D 29 10 01            ADDA 1001H  ; Add second number to A
E010 31 10 02            STA 1002H   ; Store the summ
E013 36                  NOTA        ; Invert all bits, 0:LED ON
E014 31 C0 00            STA C000H   ; Output to LED port
E017 2A 10 01            LDA 1001H   ; Move second number to the first number
E01A 31 10 00            STA 1000H
E01D 2A 10 02            LDA 1002H   ; Move summ to the second number
E020 31 10 01            STA 1001H
E023 32 E0 0A            JMP E00AH   ; Loop

                         ORG/FFFEH   ; Set the Reset vector
FFFE E0                  DB E0H      ; MSB Reset Vector
FFFF 00                  DB 00H      ; LSB Reset Vector

; LED output   HEX   Decimal  Real Value
; ----------   ---   -------  ----------
; 0000 0001    01H   1        1
; 0000 0010    02H   2        2
; 0000 0011    03H   3        3
; 0000 0101    05H   5        5
; 0000 1000    08H   8        8
; 0000 1101    0DH   13       13
; 0001 0101    15H   21       21
; 0010 0010    22H   34       34
; 0011 0111    37H   55       55
; 0101 1001    59H   89       89
; 1001 0000    90H   144      144
; 1110 1001    E9H   233      233
; 0111 1001    79H   121      377 - (256*1) = 121
; 0110 0010    62H   98       610 - (256*2) = 98
; 1101 1011    DBH   219      987 - (256*3) = 219
; 0011 1101    3DH   61       ...
; 0001 1000
; 0101 0101
; 


Assembly complete
Number of errors = 0
