; -----------------------------------------------------------------
; Homebrew CPU micro code
; Author: Sylvain Fortin
; Date : 1 december 2023
; Documentation : k2000.asm toggle each LED back and fourth like the 
;                 car called KIT in the famous TV show. It store the  
;                 LED patterns in ram and then send them sequentially 
;                 to the led port of MyCPU.
; Memory map of the computer
; 0000H - 17FFH Total RAM space
; 0000H - 00FFH Stack
; 0100H - 17EF  Free for application
; 17F0H         SP Stack Pointer 8 bit
; 17F1H temp SP1
; 17F2H temp SP2
; 17FAH bit<0>	Equal
; 17FBH bit<0>	Carry
; 17FCH A Register
; 17FEH IPH	Instruction Pointer MSB
; 17FFH IPL Instruction Pointer LSB
; C000H           LED port    0:LED ON, 1:LED OFF
; E000H - F000H   EEPROM 2864 for program storage
; -----------------------------------------------------------------
                         ORG/E000H   ; EEPROM Start
E000 30 7F               LDA #7FH    ; LED<7> ON
E002 31 01 07            STA 0107H
E005 30 BF               LDA #BFH    ; LED<6> ON
E007 31 01 06            STA 0106H
E00A 30 DF               LDA #DFH    ; LED<5> ON
E00C 31 01 05            STA 0105H
E00F 30 EF               LDA #EFH    ; LED<4> ON
E011 31 01 04            STA 0104H
E014 30 F7               LDA #F7H    ; LED<3> ON
E016 31 01 03            STA 0103H
E019 30 FB               LDA #FBH    ; LED<2> ON
E01B 31 01 02            STA 0102H
E01E 30 FD               LDA #FDH    ; LED<1> ON
E020 31 01 01            STA 0101H
E023 30 FE               LDA #FEH    ; LED<0> ON
E025 31 01 00            STA 0100H
; Loop   
E028 2A 01 00            LDA 0100H   ; Load each pattern from RAM
E02B 31 C0 00            STA C000H   ; and send to LED
E02E 2A 01 01            LDA 0101H
E031 31 C0 00            STA C000H
E034 2A 01 02            LDA 0102H
E037 31 C0 00            STA C000H
E03A 2A 01 03            LDA 0103H
E03D 31 C0 00            STA C000H
E040 2A 01 04            LDA 0104H
E043 31 C0 00            STA C000H
E046 2A 01 05            LDA 0105H
E049 31 C0 00            STA C000H
E04C 2A 01 06            LDA 0106H
E04F 31 C0 00            STA C000H
E052 2A 01 07            LDA 0107H
E055 31 C0 00            STA C000H
E058 2A 01 06            LDA 0106H
E05B 31 C0 00            STA C000H
E05E 2A 01 05            LDA 0105H
E061 31 C0 00            STA C000H
E064 2A 01 04            LDA 0104H
E067 31 C0 00            STA C000H
E06A 2A 01 03            LDA 0103H
E06D 31 C0 00            STA C000H
E070 2A 01 02            LDA 0102H
E073 31 C0 00            STA C000H
E076 2A 01 01            LDA 0101H
E079 31 C0 00            STA C000H
E07C 2A 01 00            LDA 0100H
E07F 31 C0 00            STA C000H
E082 32 E0 28            JMP E028H   ; Jump inconditional to Loop

                         ORG/FFFEH   ; Set the Reset vector
FFFE E0                  DB E0H      ; MSB Reset Vector
FFFF 00                  DB 00H      ; LSB Reset Vector


Assembly complete
Number of errors = 0
